// Jest Snapshot v1, https://goo.gl/fbAQLP

exports[`makeFlagIcons 1`] = `
<div>
  <span
    className="flag-icon flag-icon-it flag-icon-flip-horizontal"
  />
  <span
    className="__MODULE__flag-icon __MODULE__flag-icon-es __MODULE__flag-icon-rotate-60"
  />
</div>
`;

exports[`restoreClassNamesInTree 1`] = `
Object {
  "children": Object {
    "props": Object {
      "className": "some-other-class ipsum",
    },
    "type": "span",
  },
  "props": Object {
    "className": "some-class",
    "lorem": "ipsum",
  },
  "type": "div",
}
`;
